// Jest Snapshot v1, https://goo.gl/fbAQLP

exports[`should render ProductItems correctly 1`] = `
<ContextConsumer>
  <Component />
</ContextConsumer>
`;

exports[`should render ProductItems provided 1`] = `
<ContextConsumer>
  <Component />
</ContextConsumer>
`;

exports[`should render ProductItems with product data 1`] = `
<ContextConsumer>
  <Component />
</ContextConsumer>
`;
